[2023-03-03T16:24:11.948-0800][gc,heap] Heap region size: 1M
[2023-03-03T16:24:11.953-0800][gc     ] Using G1
[2023-03-03T16:24:11.953-0800][gc,heap,coops] Heap address: 0x00000007e0000000, size: 512 MB, Compressed Oops mode: Zero based, Oop shift amount: 3
[2023-03-03T16:24:12.638-0800][gc,start     ] GC(0) Pause Young (Normal) (G1 Evacuation Pause)
[2023-03-03T16:24:12.638-0800][gc,task      ] GC(0) Using 10 workers of 10 for evacuation
[2023-03-03T16:24:12.643-0800][gc,phases    ] GC(0)   Pre Evacuate Collection Set: 0.0ms
[2023-03-03T16:24:12.643-0800][gc,phases    ] GC(0)   Evacuate Collection Set: 4.4ms
[2023-03-03T16:24:12.643-0800][gc,phases    ] GC(0)   Post Evacuate Collection Set: 0.3ms
[2023-03-03T16:24:12.643-0800][gc,phases    ] GC(0)   Other: 0.5ms
[2023-03-03T16:24:12.643-0800][gc,heap      ] GC(0) Eden regions: 25->0(21)
[2023-03-03T16:24:12.643-0800][gc,heap      ] GC(0) Survivor regions: 0->4(4)
[2023-03-03T16:24:12.643-0800][gc,heap      ] GC(0) Old regions: 0->4
[2023-03-03T16:24:12.643-0800][gc,heap      ] GC(0) Humongous regions: 0->0
[2023-03-03T16:24:12.643-0800][gc,metaspace ] GC(0) Metaspace: 14960K(15488K)->14960K(15488K) NonClass: 13482K(13824K)->13482K(13824K) Class: 1478K(1664K)->1478K(1664K)
[2023-03-03T16:24:12.643-0800][gc           ] GC(0) Pause Young (Normal) (G1 Evacuation Pause) 25M->7M(512M) 5.339ms
[2023-03-03T16:24:12.643-0800][gc,cpu       ] GC(0) User=0.02s Sys=0.01s Real=0.01s
[2023-03-03T16:24:12.670-0800][gc,heap,exit ] Heap
[2023-03-03T16:24:12.670-0800][gc,heap,exit ]  garbage-first heap   total 524288K, used 9447K [0x00000007e0000000, 0x0000000800000000)
[2023-03-03T16:24:12.670-0800][gc,heap,exit ]   region size 1024K, 7 young (7168K), 4 survivors (4096K)
[2023-03-03T16:24:12.670-0800][gc,heap,exit ]  Metaspace       used 15341K, capacity 15718K, committed 16000K, reserved 1062912K
[2023-03-03T16:24:12.670-0800][gc,heap,exit ]   class space    used 1518K, capacity 1650K, committed 1664K, reserved 1048576K
